
> new-folder--26-@0.0.0 build
> vite build

[36mvite v8.0.3 [32mbuilding client environment for production...[36m[39m
[2K
transforming...Γ£ô 480 modules transformed.
rendering chunks...
computing gzip size...
dist/index.html                   1.04 kB Γöé gzip:   0.57 kB
dist/assets/index-BoErKw6h.css   11.43 kB Γöé gzip:   3.12 kB
dist/assets/index-Byc29fy_.js   690.71 kB Γöé gzip: 198.49 kB

[32mΓ£ô built in 720ms[39m
node.exe : [33m[plugin builtin:vite-reporter] 
At line:1 char:1
+ & "C:\Program Files\nodejs/node.exe" 
"C:\Users\AVISHKAR\AppData\Roami ...
+ ~~~~~~~~~~~~~~~~~~~~~~~~~~~~~~~~~~~~~~~~~~~~~~~~~~~~
~~~~~~~~~~~~~~~~~
    + CategoryInfo          : NotSpecified: ([33m[pl 
   ugin builtin:vite-reporter] :String) [], RemoteEx  
  ception
    + FullyQualifiedErrorId : NativeCommandError
 
(!) Some chunks are larger than 500 kB after 
minification. Consider:
- Using dynamic import() to code-split the application
- Use build.rolldownOptions.output.codeSplitting to 
improve chunking: https://rolldown.rs/reference/Output
Options.codeSplitting
- Adjust chunk size limit for this warning via 
build.chunkSizeWarningLimit.[39m
